xls/PasteImage.class
utils/Md5.class
gui/GuiOcr$1$1.class
button/ButtonHandlerUnionXls.class
button/ButtonHandlerSelect.class
utils/Singleton.class
button/ButtonHandlerInsertStamp.class
gui/GuiCompare.class
utils/StatusBar.class
xls/WriteIntoExcel.class
utils/CellStyleLeft.class
gui/GuiOcr$1.class
gui/GuiMain.class
utils/SelectEquipment.class
utils/ProgBar$1.class
button/ButtonHandlerOpen.class
print/AdvancedExcelPrinter.class
pdf/PdfUnion.class
xls/ReadFromExcel.class
xls/ReadFromExcelInsertStamp.class
xls/ReadFromExcelInsertImage.class
utils/ComboBoxHandler.class
print/Print2DGraphics.class
button/ButtonHandlerInsertImage.class
utils/Read.class
gui/GuiMain$1.class
button/ButtonHandlerMd5.class
button/ButtonHandlerCompare.class
gui/GuiFiles.class
button/ButtonHandlerSsr.class
xls/ReadFromExcelTest.class
AppStart.class
button/ButtonHandlerUnionPdf.class
ocr/Ocr.class
utils/MyWorker.class
gui/GuiOcr.class
button/ButtonHandlerSplittingPdf.class
utils/DragAndDrop.class
button/ButtonHandlerPrintXls.class
xls/ReadFromSsrExcel.class
xls/ExcelUnionSheet.class
utils/DragAndDrop$1.class
button/ButtonHandlerOcr.class
print/Print.class
utils/LoadImage.class
pdf/PdfSplitting.class
print/PaginationPrint.class
xls/ExcelUnionSheet$PasteStamp.class
utils/ProgBar.class
ocr/DiffString.class
gui/GuiSsr.class
utils/SelectSsr.class
