/Users/mac-hs/IdeaProjects/xls-pdf-maker-fx/src/main/java/utils/CellStyleLeft.java
/Users/mac-hs/IdeaProjects/xls-pdf-maker-fx/src/main/java/button/ButtonHandlerMd5.java
/Users/mac-hs/IdeaProjects/xls-pdf-maker-fx/src/main/java/AppStart.java
/Users/mac-hs/IdeaProjects/xls-pdf-maker-fx/src/main/java/pdf/PdfSplitting.java
/Users/mac-hs/IdeaProjects/xls-pdf-maker-fx/src/main/java/utils/LoadImage.java
/Users/mac-hs/IdeaProjects/xls-pdf-maker-fx/src/main/java/gui/GuiFiles.java
/Users/mac-hs/IdeaProjects/xls-pdf-maker-fx/src/main/java/utils/SelectSsr.java
/Users/mac-hs/IdeaProjects/xls-pdf-maker-fx/src/main/java/gui/GuiCompare.java
/Users/mac-hs/IdeaProjects/xls-pdf-maker-fx/src/main/java/xls/ReadFromSsrExcel.java
/Users/mac-hs/IdeaProjects/xls-pdf-maker-fx/src/main/java/utils/DragAndDrop.java
/Users/mac-hs/IdeaProjects/xls-pdf-maker-fx/src/main/java/button/ButtonHandlerSplittingPdf.java
/Users/mac-hs/IdeaProjects/xls-pdf-maker-fx/src/main/java/print/Print2DGraphics.java
/Users/mac-hs/IdeaProjects/xls-pdf-maker-fx/src/main/java/xls/ReadFromExcelTest.java
/Users/mac-hs/IdeaProjects/xls-pdf-maker-fx/src/main/java/button/ButtonHandlerUnionXls.java
/Users/mac-hs/IdeaProjects/xls-pdf-maker-fx/src/main/java/xls/ReadFromExcelInsertImage.java
/Users/mac-hs/IdeaProjects/xls-pdf-maker-fx/src/main/java/xls/PasteImage.java
/Users/mac-hs/IdeaProjects/xls-pdf-maker-fx/src/main/java/gui/GuiMain.java
/Users/mac-hs/IdeaProjects/xls-pdf-maker-fx/src/main/java/utils/Md5.java
/Users/mac-hs/IdeaProjects/xls-pdf-maker-fx/src/main/java/button/ButtonHandlerSsr.java
/Users/mac-hs/IdeaProjects/xls-pdf-maker-fx/src/main/java/utils/Singleton.java
/Users/mac-hs/IdeaProjects/xls-pdf-maker-fx/src/main/java/ocr/Ocr.java
/Users/mac-hs/IdeaProjects/xls-pdf-maker-fx/src/main/java/print/Print.java
/Users/mac-hs/IdeaProjects/xls-pdf-maker-fx/src/main/java/utils/SelectEquipment.java
/Users/mac-hs/IdeaProjects/xls-pdf-maker-fx/src/main/java/pdf/PdfUnion.java
/Users/mac-hs/IdeaProjects/xls-pdf-maker-fx/src/main/java/print/PaginationPrint.java
/Users/mac-hs/IdeaProjects/xls-pdf-maker-fx/src/main/java/utils/Read.java
/Users/mac-hs/IdeaProjects/xls-pdf-maker-fx/src/main/java/ocr/DiffString.java
/Users/mac-hs/IdeaProjects/xls-pdf-maker-fx/src/main/java/button/ButtonHandlerInsertImage.java
/Users/mac-hs/IdeaProjects/xls-pdf-maker-fx/src/main/java/utils/ComboBoxHandler.java
/Users/mac-hs/IdeaProjects/xls-pdf-maker-fx/src/main/java/xls/WriteIntoExcel.java
/Users/mac-hs/IdeaProjects/xls-pdf-maker-fx/src/main/java/button/ButtonHandlerOpen.java
/Users/mac-hs/IdeaProjects/xls-pdf-maker-fx/src/main/java/utils/MyWorker.java
/Users/mac-hs/IdeaProjects/xls-pdf-maker-fx/src/main/java/button/ButtonHandlerSelect.java
/Users/mac-hs/IdeaProjects/xls-pdf-maker-fx/src/main/java/utils/StatusBar.java
/Users/mac-hs/IdeaProjects/xls-pdf-maker-fx/src/main/java/xls/ReadFromExcelInsertStamp.java
/Users/mac-hs/IdeaProjects/xls-pdf-maker-fx/src/main/java/button/ButtonHandlerOcr.java
/Users/mac-hs/IdeaProjects/xls-pdf-maker-fx/src/main/java/button/ButtonHandlerUnionPdf.java
/Users/mac-hs/IdeaProjects/xls-pdf-maker-fx/src/main/java/button/ButtonHandlerInsertStamp.java
/Users/mac-hs/IdeaProjects/xls-pdf-maker-fx/src/main/java/utils/ProgBar.java
/Users/mac-hs/IdeaProjects/xls-pdf-maker-fx/src/main/java/print/AdvancedExcelPrinter.java
/Users/mac-hs/IdeaProjects/xls-pdf-maker-fx/src/main/java/gui/GuiSsr.java
/Users/mac-hs/IdeaProjects/xls-pdf-maker-fx/src/main/java/button/ButtonHandlerPrintXls.java
/Users/mac-hs/IdeaProjects/xls-pdf-maker-fx/src/main/java/gui/GuiOcr.java
/Users/mac-hs/IdeaProjects/xls-pdf-maker-fx/src/main/java/xls/ExcelUnionSheet.java
/Users/mac-hs/IdeaProjects/xls-pdf-maker-fx/src/main/java/xls/ReadFromExcel.java
/Users/mac-hs/IdeaProjects/xls-pdf-maker-fx/src/main/java/button/ButtonHandlerCompare.java
